../Src/stm32f407xx_bsp.c:56:6:bsp_led_init	8	static
../Src/stm32f407xx_bsp.c:79:6:bsp_led_green_on	4	static
../Src/stm32f407xx_bsp.c:84:6:bsp_led_green_off	4	static
../Src/stm32f407xx_bsp.c:89:6:bsp_led_green_toggle	4	static
../Src/stm32f407xx_bsp.c:98:6:bsp_led_orange_on	4	static
../Src/stm32f407xx_bsp.c:103:6:bsp_led_orange_off	4	static
../Src/stm32f407xx_bsp.c:108:6:bsp_led_orange_toggle	4	static
../Src/stm32f407xx_bsp.c:117:6:bsp_led_red_on	4	static
../Src/stm32f407xx_bsp.c:122:6:bsp_led_red_off	4	static
../Src/stm32f407xx_bsp.c:127:6:bsp_led_red_toggle	4	static
../Src/stm32f407xx_bsp.c:136:6:bsp_led_blue_on	4	static
../Src/stm32f407xx_bsp.c:141:6:bsp_led_blue_off	4	static
../Src/stm32f407xx_bsp.c:146:6:bsp_led_blue_toggle	4	static
../Src/stm32f407xx_bsp.c:161:6:bsp_delay_ms	24	static
../Src/stm32f407xx_bsp.c:201:6:bsp_button_init	8	static
../Src/stm32f407xx_bsp.c:215:10:bsp_button_read	4	static
../Src/stm32f407xx_bsp.c:230:6:__enable_irq	4	static,ignoring_inline_asm
../Src/stm32f407xx_bsp.c:240:6:__disable_irq	4	static,ignoring_inline_asm
