Archive member included to satisfy reference by file (symbol)

/opt/st/stm32cubeide_1.10.1/plugins/com.st.stm32cube.ide.mcu.externaltools.gnu-tools-for-stm32.10.3-2021.10.linux64_1.0.0.202111181127/tools/bin/../lib/gcc/arm-none-eabi/10.3.1/../../../../arm-none-eabi/lib/thumb/v7e-m+fp/hard/libc_nano.a(lib_a-errno.o)
                              ./Src/syscalls.o (__errno)
/opt/st/stm32cubeide_1.10.1/plugins/com.st.stm32cube.ide.mcu.externaltools.gnu-tools-for-stm32.10.3-2021.10.linux64_1.0.0.202111181127/tools/bin/../lib/gcc/arm-none-eabi/10.3.1/../../../../arm-none-eabi/lib/thumb/v7e-m+fp/hard/libc_nano.a(lib_a-exit.o)
                              /opt/st/stm32cubeide_1.10.1/plugins/com.st.stm32cube.ide.mcu.externaltools.gnu-tools-for-stm32.10.3-2021.10.linux64_1.0.0.202111181127/tools/bin/../lib/gcc/arm-none-eabi/10.3.1/../../../../arm-none-eabi/lib/thumb/v7e-m+fp/hard/crt0.o (exit)
/opt/st/stm32cubeide_1.10.1/plugins/com.st.stm32cube.ide.mcu.externaltools.gnu-tools-for-stm32.10.3-2021.10.linux64_1.0.0.202111181127/tools/bin/../lib/gcc/arm-none-eabi/10.3.1/../../../../arm-none-eabi/lib/thumb/v7e-m+fp/hard/libc_nano.a(lib_a-impure.o)
                              /opt/st/stm32cubeide_1.10.1/plugins/com.st.stm32cube.ide.mcu.externaltools.gnu-tools-for-stm32.10.3-2021.10.linux64_1.0.0.202111181127/tools/bin/../lib/gcc/arm-none-eabi/10.3.1/../../../../arm-none-eabi/lib/thumb/v7e-m+fp/hard/libc_nano.a(lib_a-exit.o) (_global_impure_ptr)
/opt/st/stm32cubeide_1.10.1/plugins/com.st.stm32cube.ide.mcu.externaltools.gnu-tools-for-stm32.10.3-2021.10.linux64_1.0.0.202111181127/tools/bin/../lib/gcc/arm-none-eabi/10.3.1/../../../../arm-none-eabi/lib/thumb/v7e-m+fp/hard/libc_nano.a(lib_a-init.o)
                              /opt/st/stm32cubeide_1.10.1/plugins/com.st.stm32cube.ide.mcu.externaltools.gnu-tools-for-stm32.10.3-2021.10.linux64_1.0.0.202111181127/tools/bin/../lib/gcc/arm-none-eabi/10.3.1/../../../../arm-none-eabi/lib/thumb/v7e-m+fp/hard/crt0.o (__libc_init_array)
/opt/st/stm32cubeide_1.10.1/plugins/com.st.stm32cube.ide.mcu.externaltools.gnu-tools-for-stm32.10.3-2021.10.linux64_1.0.0.202111181127/tools/bin/../lib/gcc/arm-none-eabi/10.3.1/../../../../arm-none-eabi/lib/thumb/v7e-m+fp/hard/libc_nano.a(lib_a-memset.o)
                              /opt/st/stm32cubeide_1.10.1/plugins/com.st.stm32cube.ide.mcu.externaltools.gnu-tools-for-stm32.10.3-2021.10.linux64_1.0.0.202111181127/tools/bin/../lib/gcc/arm-none-eabi/10.3.1/../../../../arm-none-eabi/lib/thumb/v7e-m+fp/hard/crt0.o (memset)
/opt/st/stm32cubeide_1.10.1/plugins/com.st.stm32cube.ide.mcu.externaltools.gnu-tools-for-stm32.10.3-2021.10.linux64_1.0.0.202111181127/tools/bin/../lib/gcc/arm-none-eabi/10.3.1/../../../../arm-none-eabi/lib/thumb/v7e-m+fp/hard/libc_nano.a(lib_a-printf.o)
                              ./Src/main.o (printf)
/opt/st/stm32cubeide_1.10.1/plugins/com.st.stm32cube.ide.mcu.externaltools.gnu-tools-for-stm32.10.3-2021.10.linux64_1.0.0.202111181127/tools/bin/../lib/gcc/arm-none-eabi/10.3.1/../../../../arm-none-eabi/lib/thumb/v7e-m+fp/hard/libc_nano.a(lib_a-findfp.o)
                              /opt/st/stm32cubeide_1.10.1/plugins/com.st.stm32cube.ide.mcu.externaltools.gnu-tools-for-stm32.10.3-2021.10.linux64_1.0.0.202111181127/tools/bin/../lib/gcc/arm-none-eabi/10.3.1/../../../../arm-none-eabi/lib/thumb/v7e-m+fp/hard/libc_nano.a(lib_a-printf.o) (__sinit)
/opt/st/stm32cubeide_1.10.1/plugins/com.st.stm32cube.ide.mcu.externaltools.gnu-tools-for-stm32.10.3-2021.10.linux64_1.0.0.202111181127/tools/bin/../lib/gcc/arm-none-eabi/10.3.1/../../../../arm-none-eabi/lib/thumb/v7e-m+fp/hard/libc_nano.a(lib_a-fwalk.o)
                              /opt/st/stm32cubeide_1.10.1/plugins/com.st.stm32cube.ide.mcu.externaltools.gnu-tools-for-stm32.10.3-2021.10.linux64_1.0.0.202111181127/tools/bin/../lib/gcc/arm-none-eabi/10.3.1/../../../../arm-none-eabi/lib/thumb/v7e-m+fp/hard/libc_nano.a(lib_a-findfp.o) (_fwalk)
/opt/st/stm32cubeide_1.10.1/plugins/com.st.stm32cube.ide.mcu.externaltools.gnu-tools-for-stm32.10.3-2021.10.linux64_1.0.0.202111181127/tools/bin/../lib/gcc/arm-none-eabi/10.3.1/../../../../arm-none-eabi/lib/thumb/v7e-m+fp/hard/libc_nano.a(lib_a-lock.o)
                              /opt/st/stm32cubeide_1.10.1/plugins/com.st.stm32cube.ide.mcu.externaltools.gnu-tools-for-stm32.10.3-2021.10.linux64_1.0.0.202111181127/tools/bin/../lib/gcc/arm-none-eabi/10.3.1/../../../../arm-none-eabi/lib/thumb/v7e-m+fp/hard/libc_nano.a(lib_a-findfp.o) (__retarget_lock_init_recursive)
/opt/st/stm32cubeide_1.10.1/plugins/com.st.stm32cube.ide.mcu.externaltools.gnu-tools-for-stm32.10.3-2021.10.linux64_1.0.0.202111181127/tools/bin/../lib/gcc/arm-none-eabi/10.3.1/../../../../arm-none-eabi/lib/thumb/v7e-m+fp/hard/libc_nano.a(lib_a-nano-mallocr.o)
[...]
Memory Configuration

Name             Origin             Length             Attributes
CCMRAM           0x0000000010000000 0x0000000000010000 xrw
RAM              0x0000000020000000 0x0000000000020000 xrw
FLASH            0x0000000008000000 0x0000000000100000 xr
*default*        0x0000000000000000 0xffffffffffffffff

Linker script and memory map

LOAD /opt/st/stm32cubeide_1.10.1/plugins/com.st.stm32cube.ide.mcu.externaltools.gnu-tools-for-stm32.10.3-2021.10.linux64_1.0.0.202111181127/tools/bin/../lib/gcc/arm-none-eabi/10.3.1/thumb/v7e-m+fp/hard/crti.o
LOAD /opt/st/stm32cubeide_1.10.1/plugins/com.st.stm32cube.ide.mcu.externaltools.gnu-tools-for-stm32.10.3-2021.10.linux64_1.0.0.202111181127/tools/bin/../lib/gcc/arm-none-eabi/10.3.1/thumb/v7e-m+fp/hard/crtbegin.o
LOAD /opt/st/stm32cubeide_1.10.1/plugins/com.st.stm32cube.ide.mcu.externaltools.gnu-tools-for-stm32.10.3-2021.10.linux64_1.0.0.202111181127/tools/bin/../lib/gcc/arm-none-eabi/10.3.1/../../../../arm-none-eabi/lib/thumb/v7e-m+fp/hard/crt0.o
LOAD ./Src/kernel.o
LOAD ./Src/led.o
LOAD ./Src/main.o
LOAD ./Src/syscalls.o
LOAD ./Src/sysmem.o
LOAD ./Src/usart.o
LOAD ./Startup/startup_stm32f407vgtx.o
START GROUP
LOAD /opt/st/stm32cubeide_1.10.1/plugins/com.st.stm32cube.ide.mcu.externaltools.gnu-tools-for-stm32.10.3-2021.10.linux64_1.0.0.202111181127/tools/bin/../lib/gcc/arm-none-eabi/10.3.1/../../../../arm-none-eabi/lib/thumb/v7e-m+fp/hard/libc_nano.a
LOAD /opt/st/stm32cubeide_1.10.1/plugins/com.st.stm32cube.ide.mcu.externaltools.gnu-tools-for-stm32.10.3-2021.10.linux64_1.0.0.202111181127/tools/bin/../lib/gcc/arm-none-eabi/10.3.1/../../../../arm-none-eabi/lib/thumb/v7e-m+fp/hard/libm.a
END GROUP
START GROUP
LOAD /opt/st/stm32cubeide_1.10.1/plugins/com.st.stm32cube.ide.mcu.externaltools.gnu-tools-for-stm32.10.3-2021.10.linux64_1.0.0.202111181127/tools/bin/../lib/gcc/arm-none-eabi/10.3.1/thumb/v7e-m+fp/hard/libgcc.a
LOAD /opt/st/stm32cubeide_1.10.1/plugins/com.st.stm32cube.ide.mcu.externaltools.gnu-tools-for-stm32.10.3-2021.10.linux64_1.0.0.202111181127/tools/bin/../lib/gcc/arm-none-eabi/10.3.1/../../../../arm-none-eabi/lib/thumb/v7e-m+fp/hard/libc_nano.a
END GROUP
START GROUP
LOAD /opt/st/stm32cubeide_1.10.1/plugins/com.st.stm32cube.ide.mcu.externaltools.gnu-tools-for-stm32.10.3-2021.10.linux64_1.0.0.202111181127/tools/bin/../lib/gcc/arm-none-eabi/10.3.1/thumb/v7e-m+fp/hard/libgcc.a
LOAD /opt/st/stm32cubeide_1.10.1/plugins/com.st.stm32cube.ide.mcu.externaltools.gnu-tools-for-stm32.10.3-2021.10.linux64_1.0.0.202111181127/tools/bin/../lib/gcc/arm-none-eabi/10.3.1/../../../../arm-none-eabi/lib/thumb/v7e-m+fp/hard/libc_nano.a
LOAD /opt/st/stm32cubeide_1.10.1/plugins/com.st.stm32cube.ide.mcu.externaltools.gnu-tools-for-stm32.10.3-2021.10.linux64_1.0.0.202111181127/tools/bin/../lib/gcc/arm-none-eabi/10.3.1/../../../../arm-none-eabi/lib/thumb/v7e-m+fp/hard/libnosys.a
END GROUP
START GROUP
LOAD /opt/st/stm32cubeide_1.10.1/plugins/com.st.stm32cube.ide.mcu.externaltools.gnu-tools-for-stm32.10.3-2021.10.linux64_1.0.0.202111181127/tools/bin/../lib/gcc/arm-none-eabi/10.3.1/thumb/v7e-m+fp/hard/libgcc.a
LOAD /opt/st/stm32cubeide_1.10.1/plugins/com.st.stm32cube.ide.mcu.externaltools.gnu-tools-for-stm32.10.3-2021.10.linux64_1.0.0.202111181127/tools/bin/../lib/gcc/arm-none-eabi/10.3.1/../../../../arm-none-eabi/lib/thumb/v7e-m+fp/hard/libc_nano.a
LOAD /opt/st/stm32cubeide_1.10.1/plugins/com.st.stm32cube.ide.mcu.externaltools.gnu-tools-for-stm32.10.3-2021.10.linux64_1.0.0.202111181127/tools/bin/../lib/gcc/arm-none-eabi/10.3.1/../../../../arm-none-eabi/lib/thumb/v7e-m+fp/hard/libnosys.a
END GROUP
LOAD /opt/st/stm32cubeide_1.10.1/plugins/com.st.stm32cube.ide.mcu.externaltools.gnu-tools-for-stm32.10.3-2021.10.linux64_1.0.0.202111181127/tools/bin/../lib/gcc/arm-none-eabi/10.3.1/thumb/v7e-m+fp/hard/crtend.o
LOAD /opt/st/stm32cubeide_1.10.1/plugins/com.st.stm32cube.ide.mcu.externaltools.gnu-tools-for-stm32.10.3-2021.10.linux64_1.0.0.202111181127/tools/bin/../lib/gcc/arm-none-eabi/10.3.1/thumb/v7e-m+fp/hard/crtn.o
                0x0000000020020000                _estack = (ORIGIN (RAM) + LENGTH (RAM))
                0x0000000000000200                _Min_Heap_Size = 0x200
                0x0000000000000400                _Min_Stack_Size = 0x400

.isr_vector     0x0000000008000000      0x1a8
                0x0000000008000000                . = ALIGN (0x4)
 *(.isr_vector)
 .isr_vector    0x0000000008000000      0x1a8 ./Startup/startup_stm32f407vgtx.o
                0x0000000008000000                g_pfnVectors
                0x00000000080001a8                . = ALIGN (0x4)

.text           0x00000000080001a8      0x5a8
                0x00000000080001a8                . = ALIGN (0x4)
 *(.text)
 .text          0x00000000080001a8       0x40 /opt/st/stm32cubeide_1.10.1/plugins/com.st.stm32cube.ide.mcu.externaltools.gnu-tools-for-stm32.10.3-2021.10.linux64_1.0.0.202111181127/tools/bin/../lib/gcc/arm-none-eabi/10.3.1/thumb/v7e-m+fp/hard/crtbegin.o
 *(.text*)
 .text.__NVIC_SetPriority
                0x00000000080001e8       0x54 ./Src/kernel.o
 .text.kernelStackInit
                0x000000000800023c      0x1a0 ./Src/kernel.o
                0x000000000800023c                kernelStackInit
 .text.kernelCreateThreads
                0x00000000080003dc       0x78 ./Src/kernel.o
                0x00000000080003dc                kernelCreateThreads
 .text.kernelInit
                0x0000000008000454       0x1c ./Src/kernel.o
                0x0000000008000454                kernelInit
 .text.startKernel
                0x0000000008000470       0x54 ./Src/kernel.o
                0x0000000008000470                startKernel
 .text.SysTick_Handler
                0x00000000080004c4       0x24 ./Src/kernel.o
                0x00000000080004c4                SysTick_Handler
 .text.startScheduler
                0x00000000080004e8       0x30 ./Src/kernel.o
                0x00000000080004e8                startScheduler
 .text.taskYield
                0x0000000008000518       0x28 ./Src/kernel.o
                0x0000000008000518                taskYield
 .text.task0    0x0000000008000540       0x18 ./Src/main.o
                0x0000000008000540                task0
 .text.task1    0x0000000008000558       0x14 ./Src/main.o
                0x0000000008000558                task1
 .text.task2    0x000000000800056c       0x14 ./Src/main.o
                0x000000000800056c                task2
 .text.main     0x0000000008000580       0x30 ./Src/main.o
                0x0000000008000580                main
 .text.usart_tx_init
                0x00000000080005b0       0x9c ./Src/usart.o
                0x00000000080005b0                usart_tx_init
 .text.usart_set_baudrate
                0x000000000800064c       0x28 ./Src/usart.o
 .text.compute_usart_bd
                0x0000000008000674       0x26 ./Src/usart.o
 *fill*         0x000000000800069a        0x2 
 .text.Reset_Handler
                0x000000000800069c       0x50 ./Startup/startup_stm32f407vgtx.o
                0x000000000800069c                Reset_Handler
 .text.Default_Handler
                0x00000000080006ec        0x2 ./Startup/startup_stm32f407vgtx.o
                0x00000000080006ec                RTC_Alarm_IRQHandler
                0x00000000080006ec                HASH_RNG_IRQHandler
                0x00000000080006ec                EXTI2_IRQHandler
                0x00000000080006ec                TIM8_CC_IRQHandler
                0x00000000080006ec                DebugMon_Handler
                0x00000000080006ec                TIM1_CC_IRQHandler
                0x00000000080006ec                DMA2_Stream5_IRQHandler
                0x00000000080006ec                HardFault_Handler
                0x00000000080006ec                DMA1_Stream5_IRQHandler
                0x00000000080006ec                PVD_IRQHandler
                0x00000000080006ec                SDIO_IRQHandler
                0x00000000080006ec                TAMP_STAMP_IRQHandler
                0x00000000080006ec                PendSV_Handler
                0x00000000080006ec                NMI_Handler
                0x00000000080006ec                CAN2_RX1_IRQHandler
                0x00000000080006ec                EXTI3_IRQHandler
                0x00000000080006ec                TIM8_TRG_COM_TIM14_IRQHandler
                0x00000000080006ec                TIM1_UP_TIM10_IRQHandler
                0x00000000080006ec                TIM8_UP_TIM13_IRQHandler
                0x00000000080006ec                I2C3_ER_IRQHandler
                0x00000000080006ec                LCD_TFT_IRQHandler
                0x00000000080006ec                EXTI0_IRQHandler
                0x00000000080006ec                I2C2_EV_IRQHandler
                0x00000000080006ec                DMA1_Stream2_IRQHandler
                0x00000000080006ec                CAN1_RX0_IRQHandler
                0x00000000080006ec                FPU_IRQHandler
                0x00000000080006ec                OTG_HS_WKUP_IRQHandler
                0x00000000080006ec                UsageFault_Handler
                0x00000000080006ec                CAN2_SCE_IRQHandler
                0x00000000080006ec                DMA2_Stream2_IRQHandler
                0x00000000080006ec                SPI1_IRQHandler
                0x00000000080006ec                TIM6_DAC_IRQHandler
                0x00000000080006ec                TIM1_BRK_TIM9_IRQHandler
                0x00000000080006ec                DCMI_IRQHandler
                0x00000000080006ec                CAN2_RX0_IRQHandler
                0x00000000080006ec                DMA2_Stream3_IRQHandler
                0x00000000080006ec                USART6_IRQHandler
                0x00000000080006ec                USART3_IRQHandler
                0x00000000080006ec                CRYP_IRQHandler
                0x00000000080006ec                CAN1_RX1_IRQHandler
                0x00000000080006ec                UART5_IRQHandler
                0x00000000080006ec                DMA2_Stream0_IRQHandler
                0x00000000080006ec                TIM4_IRQHandler
                0x00000000080006ec                I2C1_EV_IRQHandler
                0x00000000080006ec                DMA1_Stream6_IRQHandler
                0x00000000080006ec                DMA1_Stream1_IRQHandler
                0x00000000080006ec                UART4_IRQHandler
                0x00000000080006ec                LCD_TFT_1_IRQHandler
                0x00000000080006ec                TIM3_IRQHandler
                0x00000000080006ec                RCC_IRQHandler
                0x00000000080006ec                TIM8_BRK_TIM12_IRQHandler
                0x00000000080006ec                Default_Handler
                0x00000000080006ec                EXTI15_10_IRQHandler
                0x00000000080006ec                ADC_IRQHandler
                0x00000000080006ec                DMA1_Stream7_IRQHandler
                0x00000000080006ec                TIM7_IRQHandler
                0x00000000080006ec                CAN2_TX_IRQHandler
                0x00000000080006ec                TIM5_IRQHandler
                0x00000000080006ec                DMA2_Stream7_IRQHandler
                0x00000000080006ec                I2C3_EV_IRQHandler
                0x00000000080006ec                EXTI9_5_IRQHandler
                0x00000000080006ec                RTC_WKUP_IRQHandler
                0x00000000080006ec                ETH_WKUP_IRQHandler
                0x00000000080006ec                SPI2_IRQHandler
                0x00000000080006ec                OTG_HS_EP1_IN_IRQHandler
                0x00000000080006ec                MemManage_Handler
                0x00000000080006ec                DMA1_Stream0_IRQHandler
                0x00000000080006ec                CAN1_TX_IRQHandler
                0x00000000080006ec                SVC_Handler
                0x00000000080006ec                EXTI4_IRQHandler
                0x00000000080006ec                FSMC_IRQHandler
                0x00000000080006ec                ETH_IRQHandler
                0x00000000080006ec                OTG_HS_EP1_OUT_IRQHandler
                0x00000000080006ec                WWDG_IRQHandler
                0x00000000080006ec                TIM2_IRQHandler
                0x00000000080006ec                OTG_FS_WKUP_IRQHandler
                0x00000000080006ec                TIM1_TRG_COM_TIM11_IRQHandler
                0x00000000080006ec                OTG_HS_IRQHandler
                0x00000000080006ec                EXTI1_IRQHandler
                0x00000000080006ec                USART2_IRQHandler
                0x00000000080006ec                I2C2_ER_IRQHandler
                0x00000000080006ec                DMA2_Stream1_IRQHandler
                0x00000000080006ec                CAN1_SCE_IRQHandler
                0x00000000080006ec                DMA2_Stream4_IRQHandler
                0x00000000080006ec                BusFault_Handler
                0x00000000080006ec                USART1_IRQHandler
                0x00000000080006ec                OTG_FS_IRQHandler
                0x00000000080006ec                SPI3_IRQHandler
                0x00000000080006ec                DMA1_Stream4_IRQHandler
                0x00000000080006ec                I2C1_ER_IRQHandler
                0x00000000080006ec                DMA2_Stream6_IRQHandler
                0x00000000080006ec                DMA1_Stream3_IRQHandler
 *fill*         0x00000000080006ee        0x2 
 .text.__libc_init_array
                0x00000000080006f0       0x48 /opt/st/stm32cubeide_1.10.1/plugins/com.st.stm32cube.ide.mcu.externaltools.gnu-tools-for-stm32.10.3-2021.10.linux64_1.0.0.202111181127/tools/bin/../lib/gcc/arm-none-eabi/10.3.1/../../../../arm-none-eabi/lib/thumb/v7e-m+fp/hard/libc_nano.a(lib_a-init.o)
                0x00000000080006f0                __libc_init_array
 *(.glue_7)
 .glue_7        0x0000000008000738        0x0 linker stubs
 *(.glue_7t)
 .glue_7t       0x0000000008000738        0x0 linker stubs
 *(.eh_frame)
 .eh_frame      0x0000000008000738        0x0 /opt/st/stm32cubeide_1.10.1/plugins/com.st.stm32cube.ide.mcu.externaltools.gnu-tools-for-stm32.10.3-2021.10.linux64_1.0.0.202111181127/tools/bin/../lib/gcc/arm-none-eabi/10.3.1/thumb/v7e-m+fp/hard/crtbegin.o
 *(.init)
 .init          0x0000000008000738        0x4 /opt/st/stm32cubeide_1.10.1/plugins/com.st.stm32cube.ide.mcu.externaltools.gnu-tools-for-stm32.10.3-2021.10.linux64_1.0.0.202111181127/tools/bin/../lib/gcc/arm-none-eabi/10.3.1/thumb/v7e-m+fp/hard/crti.o
                0x0000000008000738                _init
 .init          0x000000000800073c        0x8 /opt/st/stm32cubeide_1.10.1/plugins/com.st.stm32cube.ide.mcu.externaltools.gnu-tools-for-stm32.10.3-2021.10.linux64_1.0.0.202111181127/tools/bin/../lib/gcc/arm-none-eabi/10.3.1/thumb/v7e-m+fp/hard/crtn.o
 *(.fini)
 .fini          0x0000000008000744        0x4 /opt/st/stm32cubeide_1.10.1/plugins/com.st.stm32cube.ide.mcu.externaltools.gnu-tools-for-stm32.10.3-2021.10.linux64_1.0.0.202111181127/tools/bin/../lib/gcc/arm-none-eabi/10.3.1/thumb/v7e-m+fp/hard/crti.o
                0x0000000008000744                _fini
 .fini          0x0000000008000748        0x8 /opt/st/stm32cubeide_1.10.1/plugins/com.st.stm32cube.ide.mcu.externaltools.gnu-tools-for-stm32.10.3-2021.10.linux64_1.0.0.202111181127/tools/bin/../lib/gcc/arm-none-eabi/10.3.1/thumb/v7e-m+fp/hard/crtn.o
                0x0000000008000750                . = ALIGN (0x4)
                0x0000000008000750                _etext = .

.vfp11_veneer   0x0000000008000750        0x0
 .vfp11_veneer  0x0000000008000750        0x0 linker stubs

.v4_bx          0x0000000008000750        0x0
 .v4_bx         0x0000000008000750        0x0 linker stubs

.iplt           0x0000000008000750        0x0
 .iplt          0x0000000008000750        0x0 /opt/st/stm32cubeide_1.10.1/plugins/com.st.stm32cube.ide.mcu.externaltools.gnu-tools-for-stm32.10.3-2021.10.linux64_1.0.0.202111181127/tools/bin/../lib/gcc/arm-none-eabi/10.3.1/thumb/v7e-m+fp/hard/crtbegin.o

.rel.dyn        0x0000000008000750        0x0
 .rel.iplt      0x0000000008000750        0x0 /opt/st/stm32cubeide_1.10.1/plugins/com.st.stm32cube.ide.mcu.externaltools.gnu-tools-for-stm32.10.3-2021.10.linux64_1.0.0.202111181127/tools/bin/../lib/gcc/arm-none-eabi/10.3.1/thumb/v7e-m+fp/hard/crtbegin.o

.rodata         0x0000000008000750        0x0
                0x0000000008000750                . = ALIGN (0x4)
 *(.rodata)
 *(.rodata*)
                0x0000000008000750                . = ALIGN (0x4)

.ARM.extab      0x0000000008000750        0x0
                0x0000000008000750                . = ALIGN (0x4)
 *(.ARM.extab* .gnu.linkonce.armextab.*)
                0x0000000008000750                . = ALIGN (0x4)

.ARM            0x0000000008000750        0x0
                0x0000000008000750                . = ALIGN (0x4)
                0x0000000008000750                __exidx_start = .
 *(.ARM.exidx*)
                0x0000000008000750                __exidx_end = .
                0x0000000008000750                . = ALIGN (0x4)

.preinit_array  0x0000000008000750        0x0
                0x0000000008000750                . = ALIGN (0x4)
                0x0000000008000750                PROVIDE (__preinit_array_start = .)
 *(.preinit_array*)
                0x0000000008000750                PROVIDE (__preinit_array_end = .)
                0x0000000008000750                . = ALIGN (0x4)

.init_array     0x0000000008000750        0x4
                0x0000000008000750                . = ALIGN (0x4)
                0x0000000008000750                PROVIDE (__init_array_start = .)
 *(SORT_BY_NAME(.init_array.*))
 *(.init_array*)
 .init_array    0x0000000008000750        0x4 /opt/st/stm32cubeide_1.10.1/plugins/com.st.stm32cube.ide.mcu.externaltools.gnu-tools-for-stm32.10.3-2021.10.linux64_1.0.0.202111181127/tools/bin/../lib/gcc/arm-none-eabi/10.3.1/thumb/v7e-m+fp/hard/crtbegin.o
                0x0000000008000754                PROVIDE (__init_array_end = .)
                0x0000000008000754                . = ALIGN (0x4)

.fini_array     0x0000000008000754        0x4
                0x0000000008000754                . = ALIGN (0x4)
                [!provide]                        PROVIDE (__fini_array_start = .)
 *(SORT_BY_NAME(.fini_array.*))
 *(.fini_array*)
 .fini_array    0x0000000008000754        0x4 /opt/st/stm32cubeide_1.10.1/plugins/com.st.stm32cube.ide.mcu.externaltools.gnu-tools-for-stm32.10.3-2021.10.linux64_1.0.0.202111181127/tools/bin/../lib/gcc/arm-none-eabi/10.3.1/thumb/v7e-m+fp/hard/crtbegin.o
                [!provide]                        PROVIDE (__fini_array_end = .)
                0x0000000008000758                . = ALIGN (0x4)
                0x0000000008000758                _sidata = LOADADDR (.data)

.data           0x0000000020000000        0x0 load address 0x0000000008000758
                0x0000000020000000                . = ALIGN (0x4)
                0x0000000020000000                _sdata = .
 *(.data)
 *(.data*)
 *(.RamFunc)
 *(.RamFunc*)
                0x0000000020000000                . = ALIGN (0x4)
                0x0000000020000000                _edata = .
                0x0000000008000758                _siccmram = LOADADDR (.ccmram)

.igot.plt       0x0000000020000000        0x0 load address 0x0000000008000758
 .igot.plt      0x0000000020000000        0x0 /opt/st/stm32cubeide_1.10.1/plugins/com.st.stm32cube.ide.mcu.externaltools.gnu-tools-for-stm32.10.3-2021.10.linux64_1.0.0.202111181127/tools/bin/../lib/gcc/arm-none-eabi/10.3.1/thumb/v7e-m+fp/hard/crtbegin.o

.ccmram         0x0000000010000000        0x0 load address 0x0000000008000758
                0x0000000010000000                . = ALIGN (0x4)
                0x0000000010000000                _sccmram = .
 *(.ccmram)
 *(.ccmram*)
                0x0000000010000000                . = ALIGN (0x4)
                0x0000000010000000                _eccmram = .
                0x0000000010000000                . = ALIGN (0x4)

.bss            0x0000000020000000     0x1308
                0x0000000020000000                _sbss = .
                0x0000000020000000                __bss_start__ = _sbss
 *(.bss)
 .bss           0x0000000020000000       0x1c /opt/st/stm32cubeide_1.10.1/plugins/com.st.stm32cube.ide.mcu.externaltools.gnu-tools-for-stm32.10.3-2021.10.linux64_1.0.0.202111181127/tools/bin/../lib/gcc/arm-none-eabi/10.3.1/thumb/v7e-m+fp/hard/crtbegin.o
 *(.bss*)
 .bss.MILLIS_PRESCALER
                0x000000002000001c        0x4 ./Src/kernel.o
                0x000000002000001c                MILLIS_PRESCALER
 .bss.tcbs      0x0000000020000020       0x18 ./Src/kernel.o
                0x0000000020000020                tcbs
 .bss.pCurr     0x0000000020000038        0x4 ./Src/kernel.o
                0x0000000020000038                pCurr
 .bss.TCB_STACK
                0x000000002000003c     0x12c0 ./Src/kernel.o
                0x000000002000003c                TCB_STACK
 .bss.task0_profiler
                0x00000000200012fc        0x4 ./Src/main.o
                0x00000000200012fc                task0_profiler
 .bss.task1_profiler
                0x0000000020001300        0x4 ./Src/main.o
                0x0000000020001300                task1_profiler
 .bss.task2_profiler
                0x0000000020001304        0x4 ./Src/main.o
                0x0000000020001304                task2_profiler
 *(COMMON)
                0x0000000020001308                . = ALIGN (0x4)
                0x0000000020001308                _ebss = .
                0x0000000020001308                __bss_end__ = _ebss

._user_heap_stack
                0x0000000020001308      0x600
                0x0000000020001308                . = ALIGN (0x8)
                [!provide]                        PROVIDE (end = .)
                0x0000000020001308                PROVIDE (_end = .)
                0x0000000020001508                . = (. + _Min_Heap_Size)
 *fill*         0x0000000020001308      0x200 
                0x0000000020001908                . = (. + _Min_Stack_Size)
 *fill*         0x0000000020001508      0x400 
                0x0000000020001908                . = ALIGN (0x8)

/DISCARD/
 libc.a(*)
 libm.a(*)
 libgcc.a(*)

.ARM.attributes
                0x0000000000000000       0x30
 *(.ARM.attributes)
 .ARM.attributes
                0x0000000000000000       0x1e /opt/st/stm32cubeide_1.10.1/plugins/com.st.stm32cube.ide.mcu.externaltools.gnu-tools-for-stm32.10.3-2021.10.linux64_1.0.0.202111181127/tools/bin/../lib/gcc/arm-none-eabi/10.3.1/thumb/v7e-m+fp/hard/crti.o
 .ARM.attributes
                0x000000000000001e       0x34 /opt/st/stm32cubeide_1.10.1/plugins/com.st.stm32cube.ide.mcu.externaltools.gnu-tools-for-stm32.10.3-2021.10.linux64_1.0.0.202111181127/tools/bin/../lib/gcc/arm-none-eabi/10.3.1/thumb/v7e-m+fp/hard/crtbegin.o
 .ARM.attributes
                0x0000000000000052       0x34 ./Src/kernel.o
 .ARM.attributes
                0x0000000000000086       0x34 ./Src/main.o
 .ARM.attributes
                0x00000000000000ba       0x34 ./Src/usart.o
 .ARM.attributes
                0x00000000000000ee       0x21 ./Startup/startup_stm32f407vgtx.o
 .ARM.attributes
                0x000000000000010f       0x34 /opt/st/stm32cubeide_1.10.1/plugins/com.st.stm32cube.ide.mcu.externaltools.gnu-tools-for-stm32.10.3-2021.10.linux64_1.0.0.202111181127/tools/bin/../lib/gcc/arm-none-eabi/10.3.1/../../../../arm-none-eabi/lib/thumb/v7e-m+fp/hard/libc_nano.a(lib_a-init.o)
 .ARM.attributes
                0x0000000000000143       0x1e /opt/st/stm32cubeide_1.10.1/plugins/com.st.stm32cube.ide.mcu.externaltools.gnu-tools-for-stm32.10.3-2021.10.linux64_1.0.0.202111181127/tools/bin/../lib/gcc/arm-none-eabi/10.3.1/thumb/v7e-m+fp/hard/crtn.o
OUTPUT(06_round_robin_cooperative_scheduler.elf elf32-littlearm)
LOAD linker stubs
LOAD /opt/st/stm32cubeide_1.10.1/plugins/com.st.stm32cube.ide.mcu.externaltools.gnu-tools-for-stm32.10.3-2021.10.linux64_1.0.0.202111181127/tools/bin/../lib/gcc/arm-none-eabi/10.3.1/../../../../arm-none-eabi/lib/thumb/v7e-m+fp/hard/libc.a
LOAD /opt/st/stm32cubeide_1.10.1/plugins/com.st.stm32cube.ide.mcu.externaltools.gnu-tools-for-stm32.10.3-2021.10.linux64_1.0.0.202111181127/tools/bin/../lib/gcc/arm-none-eabi/10.3.1/../../../../arm-none-eabi/lib/thumb/v7e-m+fp/hard/libm.a
LOAD /opt/st/stm32cubeide_1.10.1/plugins/com.st.stm32cube.ide.mcu.externaltools.gnu-tools-for-stm32.10.3-2021.10.linux64_1.0.0.202111181127/tools/bin/../lib/gcc/arm-none-eabi/10.3.1/thumb/v7e-m+fp/hard/libgcc.a

.debug_info     0x0000000000000000      0xea1
 .debug_info    0x0000000000000000      0x82b ./Src/kernel.o
 .debug_info    0x000000000000082b      0x1f7 ./Src/main.o
 .debug_info    0x0000000000000a22      0x45d ./Src/usart.o
 .debug_info    0x0000000000000e7f       0x22 ./Startup/startup_stm32f407vgtx.o

.debug_abbrev   0x0000000000000000      0x46f
 .debug_abbrev  0x0000000000000000      0x21f ./Src/kernel.o
 .debug_abbrev  0x000000000000021f      0x101 ./Src/main.o
 .debug_abbrev  0x0000000000000320      0x13d ./Src/usart.o
 .debug_abbrev  0x000000000000045d       0x12 ./Startup/startup_stm32f407vgtx.o

.debug_aranges  0x0000000000000000      0x118
 .debug_aranges
                0x0000000000000000       0x58 ./Src/kernel.o
 .debug_aranges
                0x0000000000000058       0x58 ./Src/main.o
 .debug_aranges
                0x00000000000000b0       0x40 ./Src/usart.o
 .debug_aranges
                0x00000000000000f0       0x28 ./Startup/startup_stm32f407vgtx.o

.debug_ranges   0x0000000000000000       0xe0
 .debug_ranges  0x0000000000000000       0x48 ./Src/kernel.o
 .debug_ranges  0x0000000000000048       0x48 ./Src/main.o
 .debug_ranges  0x0000000000000090       0x30 ./Src/usart.o
 .debug_ranges  0x00000000000000c0       0x20 ./Startup/startup_stm32f407vgtx.o

.debug_macro    0x0000000000000000    0x191e3
 .debug_macro   0x0000000000000000      0x114 ./Src/kernel.o
 .debug_macro   0x0000000000000114      0xa8a ./Src/kernel.o
 .debug_macro   0x0000000000000b9e       0x22 ./Src/kernel.o
 .debug_macro   0x0000000000000bc0       0x8e ./Src/kernel.o
 .debug_macro   0x0000000000000c4e       0x51 ./Src/kernel.o
 .debug_macro   0x0000000000000c9f      0x103 ./Src/kernel.o
 .debug_macro   0x0000000000000da2       0x6a ./Src/kernel.o
 .debug_macro   0x0000000000000e0c      0x1df ./Src/kernel.o
 .debug_macro   0x0000000000000feb       0x28 ./Src/kernel.o
 .debug_macro   0x0000000000001013       0x2f ./Src/kernel.o
 .debug_macro   0x0000000000001042       0x1c ./Src/kernel.o
 .debug_macro   0x000000000000105e       0x22 ./Src/kernel.o
 .debug_macro   0x0000000000001080       0xd9 ./Src/kernel.o
 .debug_macro   0x0000000000001159     0x102d ./Src/kernel.o
 .debug_macro   0x0000000000002186      0x11f ./Src/kernel.o
 .debug_macro   0x00000000000022a5    0x15e82 ./Src/kernel.o
 .debug_macro   0x0000000000018127       0x6d ./Src/kernel.o
 .debug_macro   0x0000000000018194      0x250 ./Src/main.o
 .debug_macro   0x00000000000183e4       0x4c ./Src/main.o
 .debug_macro   0x0000000000018430       0x1e ./Src/main.o
 .debug_macro   0x000000000001844e       0x94 ./Src/main.o
 .debug_macro   0x00000000000184e2       0x3c ./Src/main.o
 .debug_macro   0x000000000001851e       0x34 ./Src/main.o
 .debug_macro   0x0000000000018552       0x16 ./Src/main.o
 .debug_macro   0x0000000000018568       0x57 ./Src/main.o
 .debug_macro   0x00000000000185bf       0x97 ./Src/main.o
 .debug_macro   0x0000000000018656      0x341 ./Src/main.o
 .debug_macro   0x0000000000018997       0xfd ./Src/main.o
 .debug_macro   0x0000000000018a94       0x10 ./Src/main.o
 .debug_macro   0x0000000000018aa4       0x16 ./Src/main.o
 .debug_macro   0x0000000000018aba       0x43 ./Src/main.o
 .debug_macro   0x0000000000018afd       0x34 ./Src/main.o
 .debug_macro   0x0000000000018b31       0x10 ./Src/main.o
 .debug_macro   0x0000000000018b41       0x58 ./Src/main.o
 .debug_macro   0x0000000000018b99       0x71 ./Src/main.o
 .debug_macro   0x0000000000018c0a       0x1c ./Src/main.o
 .debug_macro   0x0000000000018c26      0x12a ./Src/main.o
 .debug_macro   0x0000000000018d50       0x10 ./Src/main.o
 .debug_macro   0x0000000000018d60       0x1c ./Src/main.o
 .debug_macro   0x0000000000018d7c       0x52 ./Src/main.o
 .debug_macro   0x0000000000018dce       0x22 ./Src/main.o
 .debug_macro   0x0000000000018df0       0x10 ./Src/main.o
 .debug_macro   0x0000000000018e00       0x52 ./Src/main.o
 .debug_macro   0x0000000000018e52       0xd5 ./Src/main.o
 .debug_macro   0x0000000000018f27       0x1c ./Src/main.o
 .debug_macro   0x0000000000018f43       0x3d ./Src/main.o
 .debug_macro   0x0000000000018f80       0x16 ./Src/main.o
 .debug_macro   0x0000000000018f96      0x145 ./Src/main.o
 .debug_macro   0x00000000000190db      0x108 ./Src/usart.o

.debug_line     0x0000000000000000     0x13dd
 .debug_line    0x0000000000000000      0x64f ./Src/kernel.o
 .debug_line    0x000000000000064f      0x78b ./Src/main.o
 .debug_line    0x0000000000000dda      0x57f ./Src/usart.o
 .debug_line    0x0000000000001359       0x84 ./Startup/startup_stm32f407vgtx.o

.debug_str      0x0000000000000000    0x8c8e5
 .debug_str     0x0000000000000000    0x885f7 ./Src/kernel.o
                                      0x8879b (size before relaxing)
 .debug_str     0x00000000000885f7     0x40bd ./Src/main.o
                                      0x8c160 (size before relaxing)
 .debug_str     0x000000000008c6b4      0x200 ./Src/usart.o
                                      0x8821e (size before relaxing)
 .debug_str     0x000000000008c8b4       0x31 ./Startup/startup_stm32f407vgtx.o
                                         0x89 (size before relaxing)

.comment        0x0000000000000000       0x50
 .comment       0x0000000000000000       0x50 ./Src/kernel.o
                                         0x51 (size before relaxing)
 .comment       0x0000000000000050       0x51 ./Src/main.o
 .comment       0x0000000000000050       0x51 ./Src/usart.o

.debug_frame    0x0000000000000000      0x2f0
 .debug_frame   0x0000000000000000      0x118 ./Src/kernel.o
 .debug_frame   0x0000000000000118       0xe8 ./Src/main.o
 .debug_frame   0x0000000000000200       0xc4 ./Src/usart.o
 .debug_frame   0x00000000000002c4       0x2c /opt/st/stm32cubeide_1.10.1/plugins/com.st.stm32cube.ide.mcu.externaltools.gnu-tools-for-stm32.10.3-2021.10.linux64_1.0.0.202111181127/tools/bin/../lib/gcc/arm-none-eabi/10.3.1/../../../../arm-none-eabi/lib/thumb/v7e-m+fp/hard/libc_nano.a(lib_a-init.o)
